// Jest Snapshot v1, https://goo.gl/fbAQLP

exports[`SeachList renders correctly 1`] = `
<DocumentFragment>
  <div
    class="flex flex-col justify-between items-center  w-full px-1 py-1 border border-green-800"
  >
    <div
      class="flex flex-col w-full px-1 py-1 "
    >
      <h1
        class="px-1 py-1"
      >
        How Well Can You Hear Audio Quality?
      </h1>
      <div
        class="flex justify-start gap-1 px-1 py-1"
      >
        <div
          class="resultTag px-1 py-1"
        >
           points
        </div>
        <div
          class="flex justify-between items-center resultTag px-1 py-1 "
        >
          <div
            class="px-1 "
          >
            <svg
              fill="currentColor"
              height="1em"
              stroke="currentColor"
              stroke-width="0"
              viewBox="0 0 512 512"
              width="1em"
              xmlns="http://www.w3.org/2000/svg"
            >
              <path
                d="M256 288c79.5 0 144-64.5 144-144S335.5 0 256 0 112 64.5 112 144s64.5 144 144 144zm128 32h-55.1c-22.2 10.2-46.9 16-72.9 16s-50.6-5.8-72.9-16H128C57.3 320 0 377.3 0 448v16c0 26.5 21.5 48 48 48h416c26.5 0 48-21.5 48-48v-16c0-70.7-57.3-128-128-128z"
              />
            </svg>
          </div>
          <div
            class="px-1 "
          >
            pingec
          </div>
        </div>
        <div
          class="resultTag  px-1 py-1"
        >
          over 7 years ago
        </div>
        <div
          class="resultTag px-1 py-1"
        >
           comments
        </div>
        <a
          class="resultTag  px-1 py-1"
        />
      </div>
      <div>
        Similar test: 
      </div>
    </div>
  </div>
</DocumentFragment>
`;
