// Jest Snapshot v1, https://goo.gl/fbAQLP

exports[`Layout renders correctly 1`] = `
<DocumentFragment>
  <div
    class="flex flex-col justify-between items-center h-screen w-full px-1 py-1"
  >
    <div
      class="flex justify-between  items-center w-full px-1 py-1 bg-cyan-500 text-white"
    >
      <div
        class="flex justify-between  items-center px-1 py-1"
      >
        <svg
          class="text-3xl text-red-500 px-1 py-1"
          fill="currentColor"
          height="1em"
          stroke="currentColor"
          stroke-width="0"
          viewBox="0 0 512 512"
          width="1em"
          xmlns="http://www.w3.org/2000/svg"
        >
          <path
            d="M477.5 128C463 103.05 285.13 0 256.16 0S49.25 102.79 34.84 128s-14.49 230.8 0 256 192.38 128 221.32 128S463 409.08 477.49 384s14.51-231 .01-256zM316.13 414.22c-4 0-40.91-35.77-38-38.69.87-.87 6.26-1.48 17.55-1.83 0-26.23.59-68.59.94-86.32 0-2-.44-3.43-.44-5.85h-79.93c0 7.1-.46 36.2 1.37 72.88.23 4.54-1.58 6-5.74 5.94-10.13 0-20.27-.11-30.41-.08-4.1 0-5.87-1.53-5.74-6.11.92-33.44 3-84-.15-212.67v-3.17c-9.67-.35-16.38-1-17.26-1.84-2.92-2.92 34.54-38.69 38.49-38.69s41.17 35.78 38.27 38.69c-.87.87-7.9 1.49-16.77 1.84v3.16c-2.42 25.75-2 79.59-2.63 105.39h80.26c0-4.55.39-34.74-1.2-83.64-.1-3.39.95-5.17 4.21-5.2 11.07-.08 22.15-.13 33.23-.06 3.46 0 4.57 1.72 4.5 5.38C333 354.64 336 341.29 336 373.69c8.87.35 16.82 1 17.69 1.84 2.88 2.91-33.62 38.69-37.58 38.69z"
          />
        </svg>
        <h1
          class="px-1 py-1"
        >
          Hacker News Search
        </h1>
      </div>
      <div
        class="px-1 py-2 text-2xl"
      >
        <svg
          fill="currentColor"
          height="1em"
          stroke="currentColor"
          stroke-width="0"
          viewBox="0 0 16 16"
          width="1em"
          xmlns="http://www.w3.org/2000/svg"
        >
          <path
            d="M9.405 1.05c-.413-1.4-2.397-1.4-2.81 0l-.1.34a1.464 1.464 0 0 1-2.105.872l-.31-.17c-1.283-.698-2.686.705-1.987 1.987l.169.311c.446.82.023 1.841-.872 2.105l-.34.1c-1.4.413-1.4 2.397 0 2.81l.34.1a1.464 1.464 0 0 1 .872 2.105l-.17.31c-.698 1.283.705 2.686 1.987 1.987l.311-.169a1.464 1.464 0 0 1 2.105.872l.1.34c.413 1.4 2.397 1.4 2.81 0l.1-.34a1.464 1.464 0 0 1 2.105-.872l.31.17c1.283.698 2.686-.705 1.987-1.987l-.169-.311a1.464 1.464 0 0 1 .872-2.105l.34-.1c1.4-.413 1.4-2.397 0-2.81l-.34-.1a1.464 1.464 0 0 1-.872-2.105l.17-.31c.698-1.283-.705-2.686-1.987-1.987l-.311.169a1.464 1.464 0 0 1-2.105-.872l-.1-.34zM8 10.93a2.929 2.929 0 1 1 0-5.86 2.929 2.929 0 0 1 0 5.858z"
          />
        </svg>
      </div>
    </div>
    <div
      class="flex flex-col justify-between items-center  w-full px-1 py-1"
    >
      <div
        class="px-1 py-1"
      >
        Copyright Â© 2022 Walter Jin
      </div>
      <div
        class="px-1 py-1"
      >
        V1.0
      </div>
    </div>
    <div
      class=" top-0 right-0 w-[20vw] bg-black   fixed  z-40  ease-in-out duration-300 hidden translate-x-full"
    >
      <div
        class=" bg-black  flex flex-col justify-around items-center w-full h-full   py-1 text-lg   "
      >
        <svg
          class=" text-white   text-right w-full"
          fill="currentColor"
          height="1em"
          stroke="currentColor"
          stroke-width="0"
          viewBox="0 0 1024 1024"
          width="1em"
          xmlns="http://www.w3.org/2000/svg"
        >
          <path
            d="M685.4 354.8c0-4.4-3.6-8-8-8l-66 .3L512 465.6l-99.3-118.4-66.1-.3c-4.4 0-8 3.5-8 8 0 1.9.7 3.7 1.9 5.2l130.1 155L340.5 670a8.32 8.32 0 0 0-1.9 5.2c0 4.4 3.6 8 8 8l66.1-.3L512 564.4l99.3 118.4 66 .3c4.4 0 8-3.5 8-8 0-1.9-.7-3.7-1.9-5.2L553.5 515l130.1-155c1.2-1.4 1.8-3.3 1.8-5.2z"
          />
          <path
            d="M512 65C264.6 65 64 265.6 64 513s200.6 448 448 448 448-200.6 448-448S759.4 65 512 65zm0 820c-205.4 0-372-166.6-372-372s166.6-372 372-372 372 166.6 372 372-166.6 372-372 372z"
          />
        </svg>
        <div
          class="border-gray-300 border-b-2 flex flex-col justify-evenly items-center gap-2 w-full rounded-none px-2 py-4"
        >
          <div
            class=" text-white   text-lg bg-black   "
          >
            Search type
          </div>
          <select
            class=" rounded text-lg px-4 py-1 w-[90%]"
            name="parentId"
          >
            <option
              value="All"
            >
              All
            </option>
            <option
              value="Stories"
            >
              Stories
            </option>
            <option
              value="Comments"
            >
              Comments
            </option>
          </select>
        </div>
        <div
          class="border-gray-300 border-b-2 flex flex-col justify-evenly items-center gap-2 w-full rounded-none px-2 py-4"
        >
          <div
            class=" text-white   text-lg bg-black   "
          >
            Sort Order
          </div>
          <select
            class=" rounded text-lg px-4 py-1 w-[90%]"
            name="parentId"
          >
            <option
              value="Popularity"
            >
              Popularity
            </option>
            <option
              value="Date"
            >
              Date
            </option>
          </select>
        </div>
        <div
          class="border-gray-300 border-b-2 flex flex-col justify-evenly items-center gap-2 w-full rounded-none px-2 py-4"
        >
          <div
            class=" text-white   text-lg bg-black   "
          >
            hits Per Page
          </div>
          <select
            class=" rounded text-lg px-4 py-1 w-[90%]"
            name="parentId"
          >
            <option
              value="10"
            >
              10
            </option>
            <option
              value="20"
            >
              20
            </option>
            <option
              value="30"
            >
              30
            </option>
            <option
              value="50"
            >
              50
            </option>
          </select>
        </div>
      </div>
    </div>
  </div>
</DocumentFragment>
`;
