// Jest Snapshot v1, https://goo.gl/fbAQLP

exports[`Pagination renders correctly 1`] = `
<DocumentFragment>
  <nav
    aria-label="Page navigation example"
  >
    <ul
      class="inline-flex items-center -space-x-px"
    >
      <li>
        <a
          class="py-2 px-3 ml-0 leading-tight text-gray-500 bg-white rounded-l-lg border border-gray-300 hover:bg-gray-100 hover:text-gray-700 dark:bg-gray-800 dark:border-gray-700 dark:text-gray-400 dark:hover:bg-gray-700 dark:hover:text-white"
          href="/#"
        >
          Previous
        </a>
      </li>
      <li>
        <a
          class="py-2 px-3 leading-tight text-gray-500 bg-white border border-gray-300 hover:bg-gray-100 hover:text-gray-700 dark:bg-gray-800 dark:border-gray-700 dark:text-gray-400 dark:hover:bg-gray-700 dark:hover:text-white "
          href="/#"
        >
          1
        </a>
      </li>
      <li>
        <a
          class="py-2 px-3 leading-tight text-gray-500 bg-white border border-gray-300 hover:bg-gray-100 hover:text-gray-700 dark:bg-gray-800 dark:border-gray-700 dark:text-gray-400 dark:hover:bg-gray-700 dark:hover:text-white "
          href="/#"
        >
          2
        </a>
      </li>
      <li>
        <a
          class="py-2 px-3 text-blue-600 bg-blue-50 border border-gray-300 hover:bg-blue-100 hover:text-blue-700 dark:border-gray-700 dark:bg-gray-700 dark:text-white "
          href="/#"
        >
          3
        </a>
      </li>
      <li>
        <a
          class="py-2 px-3 leading-tight text-gray-500 bg-white border border-gray-300 hover:bg-gray-100 hover:text-gray-700 dark:bg-gray-800 dark:border-gray-700 dark:text-gray-400 dark:hover:bg-gray-700 dark:hover:text-white "
          href="/#"
        >
          4
        </a>
      </li>
      <li>
        <a
          class="py-2 px-3 leading-tight text-gray-500 bg-white border border-gray-300 hover:bg-gray-100 hover:text-gray-700 dark:bg-gray-800 dark:border-gray-700 dark:text-gray-400 dark:hover:bg-gray-700 dark:hover:text-white "
          href="/#"
        >
          5
        </a>
      </li>
      <li>
        <a
          class="py-2 px-3 leading-tight text-gray-500 bg-white border border-gray-300 hover:bg-gray-100 hover:text-gray-700 dark:bg-gray-800 dark:border-gray-700 dark:text-gray-400 dark:hover:bg-gray-700 dark:hover:text-white "
          href="/#"
        >
          6
        </a>
      </li>
      <li>
        <a
          class="py-2 px-3 leading-tight text-gray-500 bg-white rounded-r-lg border border-gray-300 hover:bg-gray-100 hover:text-gray-700 dark:bg-gray-800 dark:border-gray-700 dark:text-gray-400 dark:hover:bg-gray-700 dark:hover:text-white"
          href="/#"
        >
          Next
        </a>
      </li>
    </ul>
  </nav>
</DocumentFragment>
`;
